# commit pc instr rd we wb_data
0 00000000 01000093 1 1 00000010
1 00000004 00900113 2 1 00000009
2 00000014 0020a023 0 0 00000010
3 00000018 0000a183 3 1 00000009
4 00000028 00218233 4 1 00000012
5 00000038 00420463 8 0 00000000
6 00000040 00100313 6 1 00000001
7 00000044 008003ef 7 1 00000048
8 0000004c 00100493 9 1 00000001
9 00000050 00500513 10 1 00000005
10 00000054 00350593 11 1 00000008
11 00000058 00a58633 12 1 0000000d
12 0000005c 00b606b3 13 1 00000015
13 00000060 0000a703 14 1 00000009
14 00000064 00a707b3 15 1 0000000e
15 00000068 40220833 16 1 00000009
16 0000006c 0021f8b3 17 1 00000009
17 00000070 0038f913 18 1 00000001
18 00000074 002269b3 19 1 0000001b
19 00000078 00896a13 20 1 00000009
20 0000007c 0149cab3 21 1 00000012
21 00000080 003acb13 22 1 00000011
22 00000084 00611bb3 23 1 00000012
23 00000088 00625c33 24 1 00000009
24 0000008c 00211c93 25 1 00000024
25 00000090 00125d13 26 1 00000009
26 00000094 ff000d93 27 1 fffffff0
27 00000098 406dde33 28 1 fffffff8
28 0000009c 402dde93 29 1 fffffffc
29 000000a0 002daf33 30 1 00000001
30 000000a4 fffdaf93 31 1 00000001
31 000000b4 01f0a223 4 0 00000014
32 000000b8 002dbfb3 31 1 00000000
33 000000bc 123452b7 5 1 12345000
34 000000c0 00001317 6 1 000010c0
35 000000c4 0050a423 8 0 00000018
36 000000c8 0060a623 12 0 0000001c
37 000000cc 00000293 5 1 00000000
38 000000d0 00100313 6 1 00000001
39 000000d4 000082b7 5 1 00008000
40 000000d8 0ff2e293 5 1 000080ff
41 000000dc 0050a823 16 0 00000020
42 000000e0 01008303 6 1 ffffffff
43 000000e4 0060aa23 20 0 00000024
44 000000e8 01009383 7 1 ffff80ff
45 000000ec 0070ac23 24 0 00000028
46 000000f0 0100a403 8 1 000080ff
47 000000f4 0080ae23 28 0 0000002c
48 000000f8 00000293 5 1 00000000
49 000000fc 00100313 6 1 00000001
50 00000100 04800393 7 1 00000048
51 00000104 00000413 8 1 00000000
52 00000108 001dbe93 29 1 00000000
53 0000010c 00209463 8 0 00000007
54 00000118 0250a023 0 0 00000030
55 0000011c 00100293 5 1 00000001
56 00000120 0020c463 8 0 00000007
57 00000124 00200293 5 1 00000002
58 0000012c 0250a223 4 0 00000034
59 00000130 00100293 5 1 00000001
60 00000134 002de463 8 0 ffffffe7
61 00000138 00200293 5 1 00000002
62 00000140 0250a423 8 0 00000038
63 00000144 00000293 5 1 00000000
64 00000148 0020d463 8 0 00000007
65 00000154 0250a623 12 0 0000003c
66 00000158 00000293 5 1 00000000
67 0000015c 002df463 8 0 ffffffe7
68 00000168 0250a823 16 0 00000040
69 0000016c 17400093 1 1 00000174
70 00000174 008083e7 7 1 00000178
71 0000017c 00300293 5 1 00000003
72 00000180 04502823 16 0 00000050
73 00000184 04702a23 20 0 00000054
74 00000188 01000093 1 1 00000010
MEM 0 00000000
MEM 1 00000000
MEM 2 00000000
MEM 3 00000000
MEM 4 00000009
MEM 5 00000001
MEM 6 12345000
MEM 7 000010c0
MEM 8 000080ff
MEM 9 ffffffff
MEM 10 ffff80ff
MEM 11 000080ff
MEM 12 00000000
MEM 13 00000002
MEM 14 00000002
MEM 15 00000000
MEM 16 00000000
MEM 17 00000000
MEM 18 00000000
MEM 19 00000000
MEM 20 00000003
MEM 21 00000178
MEM 22 00000000
MEM 23 00000000
MEM 24 00000000
MEM 25 00000000
MEM 26 00000000
MEM 27 00000000
MEM 28 00000000
MEM 29 00000000
MEM 30 00000000
MEM 31 00000000
MEM 32 00000000
MEM 33 00000000
MEM 34 00000000
MEM 35 00000000
MEM 36 00000000
MEM 37 00000000
MEM 38 00000000
MEM 39 00000000
MEM 40 00000000
MEM 41 00000000
MEM 42 00000000
MEM 43 00000000
MEM 44 00000000
MEM 45 00000000
MEM 46 00000000
MEM 47 00000000
MEM 48 00000000
MEM 49 00000000
MEM 50 00000000
MEM 51 00000000
MEM 52 00000000
MEM 53 00000000
MEM 54 00000000
MEM 55 00000000
MEM 56 00000000
MEM 57 00000000
MEM 58 00000000
MEM 59 00000000
MEM 60 00000000
MEM 61 00000000
MEM 62 00000000
MEM 63 00000000
